// Jest Snapshot v1, https://goo.gl/fbAQLP

exports[`Body should match the snapshot 1`] = `
ShallowWrapper {
  "length": 1,
  Symbol(enzyme.__root__): [Circular],
  Symbol(enzyme.__unrendered__): <Body
    state={
        Object {
            "category": "people",
            "favorites": Array [],
            "filmInfo": Object {
              "some": "info",
            },
            "people": Array [
              Object {
                "name": "joe",
              },
            ],
            "vehicles": Array [
              Object {
                "class": "junk",
              },
              Object {
                "class": "luxury",
              },
            ],
          }
    }
    toggleFavorites={[Function]}
/>,
  Symbol(enzyme.__renderer__): Object {
    "batchedUpdates": [Function],
    "getNode": [Function],
    "render": [Function],
    "simulateEvent": [Function],
    "unmount": [Function],
  },
  Symbol(enzyme.__node__): Object {
    "instance": null,
    "key": undefined,
    "nodeType": "host",
    "props": Object {
      "children": Array [
        <Card
          individual={
                    Object {
                              "name": "joe",
                            }
          }
          isFavorite={false}
          toggleFavorites={[Function]}
/>,
      ],
      "className": "body",
    },
    "ref": null,
    "rendered": Array [
      Object {
        "instance": null,
        "key": "joe",
        "nodeType": "function",
        "props": Object {
          "individual": Object {
            "name": "joe",
          },
          "isFavorite": false,
          "toggleFavorites": [Function],
        },
        "ref": null,
        "rendered": null,
        "type": [Function],
      },
    ],
    "type": "div",
  },
  Symbol(enzyme.__nodes__): Array [
    Object {
      "instance": null,
      "key": undefined,
      "nodeType": "host",
      "props": Object {
        "children": Array [
          <Card
            individual={
                        Object {
                                    "name": "joe",
                                  }
            }
            isFavorite={false}
            toggleFavorites={[Function]}
/>,
        ],
        "className": "body",
      },
      "ref": null,
      "rendered": Array [
        Object {
          "instance": null,
          "key": "joe",
          "nodeType": "function",
          "props": Object {
            "individual": Object {
              "name": "joe",
            },
            "isFavorite": false,
            "toggleFavorites": [Function],
          },
          "ref": null,
          "rendered": null,
          "type": [Function],
        },
      ],
      "type": "div",
    },
  ],
  Symbol(enzyme.__options__): Object {
    "adapter": ReactSixteenAdapter {
      "options": Object {
        "enableComponentDidUpdateOnSetState": true,
      },
    },
  },
}
`;
